#Packing pin usage report
Type: io
	Input Pin Usage:
		Max: 1.00 (0.50)
		Avg: 0.71 (0.35)
		Min: 0.00 (0.00)
		Histogram:
		[        0:      0.2) 17 ( 29.3%) |********************
		[      0.2:      0.4)  0 (  0.0%) |
		[      0.4:      0.6)  0 (  0.0%) |
		[      0.6:      0.8)  0 (  0.0%) |
		[      0.8:        1) 41 ( 70.7%) |************************************************
		[        1:      1.2)  0 (  0.0%) |
		[      1.2:      1.4)  0 (  0.0%) |
		[      1.4:      1.6)  0 (  0.0%) |
		[      1.6:      1.8)  0 (  0.0%) |
		[      1.8:        2)  0 (  0.0%) |
	Output Pin Usage:
		Max: 1.00 (1.00)
		Avg: 0.29 (0.29)
		Min: 0.00 (0.00)
		Histogram:
		[        0:      0.1) 41 ( 70.7%) |************************************************
		[      0.1:      0.2)  0 (  0.0%) |
		[      0.2:      0.3)  0 (  0.0%) |
		[      0.3:      0.4)  0 (  0.0%) |
		[      0.4:      0.5)  0 (  0.0%) |
		[      0.5:      0.6)  0 (  0.0%) |
		[      0.6:      0.7)  0 (  0.0%) |
		[      0.7:      0.8)  0 (  0.0%) |
		[      0.8:      0.9)  0 (  0.0%) |
		[      0.9:        1) 17 ( 29.3%) |********************

Type: clb
	Input Pin Usage:
		Max: 51.00 (0.82)
		Avg: 34.22 (0.55)
		Min: 0.00 (0.00)
		Histogram:
		[        0:      6.2)  25 (  7.2%) |**********
		[      6.2:       12)   6 (  1.7%) |**
		[       12:       19)  12 (  3.5%) |*****
		[       19:       25)  40 ( 11.6%) |****************
		[       25:       31)  35 ( 10.1%) |**************
		[       31:       37)  58 ( 16.8%) |***********************
		[       37:       43)  45 ( 13.0%) |******************
		[       43:       50) 120 ( 34.7%) |***********************************************
		[       50:       56)   5 (  1.4%) |**
		[       56:       62)   0 (  0.0%) |
	Output Pin Usage:
		Max: 26.00 (0.63)
		Avg: 8.23 (0.20)
		Min: 1.00 (0.02)
		Histogram:
		[        0:      4.1) 120 ( 34.7%) |***********************************************
		[      4.1:      8.2)  90 ( 26.0%) |***********************************
		[      8.2:       12)  47 ( 13.6%) |******************
		[       12:       16)  41 ( 11.8%) |****************
		[       16:       20)  39 ( 11.3%) |***************
		[       20:       25)   4 (  1.2%) |**
		[       25:       29)   5 (  1.4%) |**
		[       29:       33)   0 (  0.0%) |
		[       33:       37)   0 (  0.0%) |
		[       37:       41)   0 (  0.0%) |

Type: dsp_top
	Input Pin Usage:
		Max: 54.00 (0.28)
		Avg: 54.00 (0.28)
		Min: 54.00 (0.28)
		Histogram:
		[        0:       19) 0 (  0.0%) |
		[       19:       39) 0 (  0.0%) |
		[       39:       58) 3 (100.0%) |*************************************************
		[       58:       77) 0 (  0.0%) |
		[       77:       96) 0 (  0.0%) |
		[       96:  1.2e+02) 0 (  0.0%) |
		[  1.2e+02:  1.4e+02) 0 (  0.0%) |
		[  1.4e+02:  1.5e+02) 0 (  0.0%) |
		[  1.5e+02:  1.7e+02) 0 (  0.0%) |
		[  1.7e+02:  1.9e+02) 0 (  0.0%) |
	Output Pin Usage:
		Max: 15.00 (0.09)
		Avg: 15.00 (0.09)
		Min: 15.00 (0.09)
		Histogram:
		[        0:       16) 3 (100.0%) |*************************************************
		[       16:       33) 0 (  0.0%) |
		[       33:       50) 0 (  0.0%) |
		[       50:       66) 0 (  0.0%) |
		[       66:       82) 0 (  0.0%) |
		[       82:       99) 0 (  0.0%) |
		[       99:  1.2e+02) 0 (  0.0%) |
		[  1.2e+02:  1.3e+02) 0 (  0.0%) |
		[  1.3e+02:  1.5e+02) 0 (  0.0%) |
		[  1.5e+02:  1.6e+02) 0 (  0.0%) |

Type: memory
	Input Pin Usage:
		Max: 49.00 (0.40)
		Avg: 48.66 (0.40)
		Min: 25.00 (0.21)
		Histogram:
		[        0:       12)   0 (  0.0%) |
		[       12:       24)   0 (  0.0%) |
		[       24:       36)   2 (  1.7%) |*
		[       36:       48)   0 (  0.0%) |
		[       48:       60) 114 ( 98.3%) |***********************************************
		[       60:       73)   0 (  0.0%) |
		[       73:       85)   0 (  0.0%) |
		[       85:       97)   0 (  0.0%) |
		[       97:  1.1e+02)   0 (  0.0%) |
		[  1.1e+02:  1.2e+02)   0 (  0.0%) |
	Output Pin Usage:
		Max: 40.00 (0.42)
		Avg: 39.66 (0.41)
		Min: 16.00 (0.17)
		Histogram:
		[        0:      9.6)   0 (  0.0%) |
		[      9.6:       19)   1 (  0.9%) |
		[       19:       29)   1 (  0.9%) |
		[       29:       38)   0 (  0.0%) |
		[       38:       48) 114 ( 98.3%) |***********************************************
		[       48:       58)   0 (  0.0%) |
		[       58:       67)   0 (  0.0%) |
		[       67:       77)   0 (  0.0%) |
		[       77:       86)   0 (  0.0%) |
		[       86:       96)   0 (  0.0%) |

